2025-12-15 08:31:39 [INFO] Starting minecraft server version Beta 1.7.3
2025-12-15 08:31:39 [INFO] Loading properties
2025-12-15 08:31:39 [WARNING] server.properties does not exist
2025-12-15 08:31:39 [INFO] Generating new properties file
2025-12-15 08:31:39 [INFO] Voice chat broadcasting enabled
2025-12-15 08:31:39 [INFO] Default game mode: Survival
2025-12-15 08:31:39 [INFO] Starting Minecraft server on *:25565
2025-12-15 08:31:39 [INFO] This server is running Project Poseidon UberBukkit version 2.0.2 (MC: 1.7.3) - A fork of CB1060-1092
2025-12-15 08:31:39 [WARNING] Failed to load ban list: java.io.FileNotFoundException: banned-players.txt (No such file or directory)
2025-12-15 08:31:39 [WARNING] Failed to load ip ban list: java.io.FileNotFoundException: banned-ips.txt (No such file or directory)
2025-12-15 08:31:39 [WARNING] Failed to load ops: java.io.FileNotFoundException: ops.txt (No such file or directory)
2025-12-15 08:31:39 [WARNING] Failed to load white-list: java.io.FileNotFoundException: white-list.txt (No such file or directory)
2025-12-15 08:31:39 [INFO] Preparing level "world"
2025-12-15 08:31:39 [INFO] [MINECRAFT_SERVER_DEBUG] Preparing Overworld. configuredLevelType: DEFAULT, level-name: world, seed: -1652856940655302869
2025-12-15 08:31:39 [INFO] [MinecraftServer] No existing world data for 'world'. Creating new with seed: -1652856940655302869, type ID: 0
2025-12-15 08:31:39 [INFO] [MinecraftServer] Saved new WorldData for 'world' with TerrainType ID: 0
2025-12-15 08:31:39 [INFO] [WorldProviderNormal] Initializing WorldChunkManager for world: world (TerrainType ID: 0)
2025-12-15 08:31:39 [INFO] [MinecraftServer] Preparing Nether world 'world_nether' with seed from overworld: -1652856940655302869
2025-12-15 08:31:39 [INFO] [WorldProviderHell] Selecting default Nether generator
2025-12-15 08:31:39 [INFO] [WorldServer] Nether provider: Default for world 'world_nether'
2025-12-15 08:31:39 [INFO] Preparing start region for level 0 (Seed: -1652856940655302869)
2025-12-15 08:31:39 [INFO] [LootTables] Registered 3 loot tables
2025-12-15 08:31:39 [INFO] [StructureTypes] Registered 2 structure types
2025-12-15 08:31:40 [INFO] Preparing spawn area: 48%
2025-12-15 08:31:41 [INFO] Preparing spawn area: 93%
2025-12-15 08:31:42 [INFO] Preparing start region for level 1 (Seed: -1652856940655302869)
2025-12-15 08:31:42 [INFO] Preparing spawn area: 8%
2025-12-15 08:31:43 [INFO] Preparing spawn area: 24%
2025-12-15 08:31:44 [INFO] Preparing spawn area: 44%
2025-12-15 08:31:45 [INFO] Preparing spawn area: 61%
2025-12-15 08:31:46 [INFO] Preparing spawn area: 77%
2025-12-15 08:31:47 [INFO] Preparing spawn area: 93%
2025-12-15 08:31:48 [INFO] [Threading] Initializing async systems...
2025-12-15 08:31:48 [INFO] [AsyncChunk] Started 2 chunk generation threads for world 'world' using ThreadSafeDefault
2025-12-15 08:31:48 [INFO] [Threading] Enabled async chunk generation for world 'world'
2025-12-15 08:31:48 [INFO] [AsyncChunk] Started 2 chunk generation threads for world 'world_nether' using ThreadSafeDefault
2025-12-15 08:31:48 [INFO] [Threading] Enabled async chunk generation for world 'world_nether'
2025-12-15 08:31:48 [INFO] [Threading] Async systems initialized successfully
2025-12-15 08:31:48 [INFO] [SpawnGroupRegistryBootstrap] Registered 4 spawn groups
2025-12-15 08:31:48 [INFO] [JukeboxSongRegistryBootstrap] Registered 2 jukebox songs
2025-12-15 08:31:48 [INFO] [RecipeTypeRegistryBootstrap] Registered 3 recipe types
2025-12-15 08:31:48 [INFO] [AchievementRegistryBootstrap] Registered 40 achievements
2025-12-15 08:31:48 [INFO] [WorldFeatureRegistryBootstrap] Registered 26 world features
2025-12-15 08:31:48 [INFO] [Poseidon] Starting Project Poseidon Modules!
2025-12-15 08:31:48 [INFO] [Poseidon] Generating uuidcache.json for Project Poseidon
2025-12-15 08:31:48 [INFO] [Poseidon] Reading uuidcache.json for Project Poseidon
2025-12-15 08:31:48 [WARNING] [Poseidon] Version checker is disabled as this is a Unknown build. The updater will only check for updates on production builds.
2025-12-15 08:31:48 [INFO] [Poseidon] Starting Watchdog to detect any server hangs!
2025-12-15 08:31:48 [INFO] [Poseidon] Finished loading Project Poseidon Modules!
2025-12-15 08:31:48 [INFO] Done (0.859s)! For help, type "help" or "?"
2025-12-15 08:35:34 [INFO] Server permissions file permissions.yml is empty, ignoring it
2025-12-15 08:35:34 [INFO] [32mReload complete.[0m
2025-12-15 08:36:47 [INFO] [Poseidon] Saving cracked names allowlist
2025-12-15 08:36:47 [INFO] [AUTH] Using modern Mojang authentication for EricWaffles
2025-12-15 08:36:47 [INFO] [Poseidon] Fetched UUID from Mojang for EricWaffles using POST - a6e4e25c-b285-4161-ad56-64881163527e
2025-12-15 08:36:47 [INFO] EricWaffles [/127.0.0.1:48636] logged in with entity id 4112 at ([world] -9.5, 63.62000000476837, -7.5)
2025-12-15 08:37:03 [INFO] EricWaffles has left the game.
2025-12-15 08:38:04 [INFO] CONSOLE: Starting Server Shutdown, Saving Data.[0m
2025-12-15 08:38:07 [INFO] Stopping server
2025-12-15 08:38:48 [INFO] Starting minecraft server version Beta 1.7.3
2025-12-15 08:38:48 [INFO] Loading properties
2025-12-15 08:38:48 [INFO] Voice chat broadcasting enabled
2025-12-15 08:38:48 [INFO] Default game mode: HARDCORE - Death is permanent!
2025-12-15 08:38:48 [INFO] Starting Minecraft server on *:25565
2025-12-15 08:38:48 [INFO] This server is running Project Poseidon UberBukkit version 2.0.2 (MC: 1.7.3) - A fork of CB1060-1092
2025-12-15 08:38:48 [INFO] Preparing level "world"
2025-12-15 08:38:48 [INFO] [MINECRAFT_SERVER_DEBUG] Preparing Overworld. configuredLevelType: DEFAULT, level-name: world, seed: 5631051260025087690

2025-12-15 08:38:48 [INFO] [MinecraftServer] Loaded existing WorldData for 'world'. Original TerrainType ID: 0, Seed: -1652856940655302869
2025-12-15 08:38:48 [INFO] [MinecraftServer] Using TerrainType ID: 0 for world 'world'
2025-12-15 08:38:48 [INFO] [WorldProviderNormal] Initializing WorldChunkManager for world: world (TerrainType ID: 0)
2025-12-15 08:38:48 [INFO] [MinecraftServer] Preparing Nether world 'world_nether' with seed from overworld: 5631051260025087690
2025-12-15 08:38:48 [INFO] [WorldProviderHell] Selecting default Nether generator
2025-12-15 08:38:48 [INFO] [WorldServer] Nether provider: Default for world 'world_nether'
2025-12-15 08:38:48 [INFO] Preparing start region for level 0 (Seed: -1652856940655302869)
2025-12-15 08:38:48 [INFO] [SpawnGroupRegistryBootstrap] Registered 4 spawn groups

2025-12-15 08:38:48 [INFO] [JukeboxSongRegistryBootstrap] Registered 2 jukebox songs

2025-12-15 08:38:48 [INFO] [RecipeTypeRegistryBootstrap] Registered 3 recipe types

2025-12-15 08:38:48 [INFO] [LootTables] Registered 3 loot tables

2025-12-15 08:38:48 [INFO] [StructureTypes] Registered 2 structure types

2025-12-15 08:38:48 [INFO] [AchievementRegistryBootstrap] Registered 40 achievements

2025-12-15 08:38:48 [INFO] [WorldFeatureRegistryBootstrap] Registered 26 world features

2025-12-15 08:38:48 [INFO] Preparing start region for level 1 (Seed: -1652856940655302869)
2025-12-15 08:38:48 [INFO] [Threading] Loaded configuration:
2025-12-15 08:38:48 [INFO] [Threading]   Async Chunk Generation: true (2 threads)
2025-12-15 08:38:48 [INFO] [Threading]   Async Lighting: false (2 threads)
2025-12-15 08:38:48 [INFO] [Threading]   Async Entity Processing: false (2 threads)
2025-12-15 08:38:48 [INFO] [Threading] Initializing async systems...
2025-12-15 08:38:48 [INFO] [AsyncChunk] Started 2 chunk generation threads for world 'world' using ThreadSafeDefault
2025-12-15 08:38:48 [INFO] [Threading] Enabled async chunk generation for world 'world'
2025-12-15 08:38:48 [INFO] [AsyncChunk] Started 2 chunk generation threads for world 'world_nether' using ThreadSafeDefault
2025-12-15 08:38:48 [INFO] [Threading] Enabled async chunk generation for world 'world_nether'
2025-12-15 08:38:48 [INFO] [Threading] Async systems initialized successfully
2025-12-15 08:38:48 [INFO] Server permissions file permissions.yml is empty, ignoring it
2025-12-15 08:38:48 [INFO] [Poseidon] Starting Project Poseidon Modules!
2025-12-15 08:38:48 [INFO] [Poseidon] Reading uuidcache.json for Project Poseidon

2025-12-15 08:38:48 [WARNING] [Poseidon] Version checker is disabled as this is a Unknown build. The updater will only check for updates on production builds.
2025-12-15 08:38:48 [INFO] [Poseidon] Starting Watchdog to detect any server hangs!
2025-12-15 08:38:48 [INFO] [Poseidon] Finished loading Project Poseidon Modules!
2025-12-15 08:38:48 [INFO] Done (0.014s)! For help, type "help" or "?"
2025-12-15 08:39:20 [INFO] [Poseidon] Reading cracked-allowlist.json for Project Poseidon

2025-12-15 08:39:20 [INFO] [AUTH] Using modern Mojang authentication for EricWaffles
2025-12-15 08:39:20 [INFO] [Poseidon] Fetched UUID from Cache for EricWaffles - a6e4e25c-b285-4161-ad56-64881163527e

2025-12-15 08:39:20 [INFO] EricWaffles [/127.0.0.1:59554] logged in with entity id 109 at ([world] -12.740671183702563, 63.0, -8.106722993426198)
2025-12-15 08:49:33 [INFO] Stopping server
2025-12-15 08:49:46 [INFO] Starting minecraft server version Beta 1.7.3
2025-12-15 08:49:46 [INFO] Loading properties
2025-12-15 08:49:46 [INFO] Voice chat broadcasting enabled
2025-12-15 08:49:46 [INFO] Default game mode: HARDCORE - Death is permanent!
2025-12-15 08:49:46 [INFO] Starting Minecraft server on *:25565
2025-12-15 08:49:46 [INFO] This server is running Project Poseidon UberBukkit version 2.0.2 (MC: 1.7.3) - A fork of CB1060-1092
2025-12-15 08:49:46 [INFO] Preparing level "world"
2025-12-15 08:49:46 [INFO] [MINECRAFT_SERVER_DEBUG] Preparing Overworld. configuredLevelType: DEFAULT, level-name: world, seed: 1712005858810824777

2025-12-15 08:49:46 [INFO] [MinecraftServer] Loaded existing WorldData for 'world'. Original TerrainType ID: 0, Seed: -1652856940655302869
2025-12-15 08:49:46 [INFO] [MinecraftServer] Using TerrainType ID: 0 for world 'world'
2025-12-15 08:49:46 [INFO] [WorldProviderNormal] Initializing WorldChunkManager for world: world (TerrainType ID: 0)
2025-12-15 08:49:47 [INFO] [MinecraftServer] Preparing Nether world 'world_nether' with seed from overworld: 1712005858810824777
2025-12-15 08:49:47 [INFO] [WorldProviderHell] Selecting default Nether generator
2025-12-15 08:49:47 [INFO] [WorldServer] Nether provider: Default for world 'world_nether'
2025-12-15 08:49:47 [INFO] Preparing start region for level 0 (Seed: -1652856940655302869)
2025-12-15 08:49:47 [INFO] [SpawnGroupRegistryBootstrap] Registered 4 spawn groups

2025-12-15 08:49:47 [INFO] [JukeboxSongRegistryBootstrap] Registered 2 jukebox songs

2025-12-15 08:49:47 [INFO] [RecipeTypeRegistryBootstrap] Registered 3 recipe types

2025-12-15 08:49:47 [INFO] [LootTables] Registered 3 loot tables

2025-12-15 08:49:47 [INFO] [StructureTypes] Registered 2 structure types

2025-12-15 08:49:47 [INFO] [AchievementRegistryBootstrap] Registered 40 achievements

2025-12-15 08:49:47 [INFO] [WorldFeatureRegistryBootstrap] Registered 26 world features

2025-12-15 08:49:47 [INFO] Preparing start region for level 1 (Seed: -1652856940655302869)
2025-12-15 08:49:47 [INFO] [Threading] Loaded configuration:
2025-12-15 08:49:47 [INFO] [Threading]   Async Chunk Generation: true (2 threads)
2025-12-15 08:49:47 [INFO] [Threading]   Async Lighting: false (2 threads)
2025-12-15 08:49:47 [INFO] [Threading]   Async Entity Processing: false (2 threads)
2025-12-15 08:49:47 [INFO] [Threading] Initializing async systems...
2025-12-15 08:49:47 [INFO] [AsyncChunk] Started 2 chunk generation threads for world 'world' using ThreadSafeDefault
2025-12-15 08:49:47 [INFO] [Threading] Enabled async chunk generation for world 'world'
2025-12-15 08:49:47 [INFO] [AsyncChunk] Started 2 chunk generation threads for world 'world_nether' using ThreadSafeDefault
2025-12-15 08:49:47 [INFO] [Threading] Enabled async chunk generation for world 'world_nether'
2025-12-15 08:49:47 [INFO] [Threading] Async systems initialized successfully
2025-12-15 08:49:47 [INFO] Server permissions file permissions.yml is empty, ignoring it
2025-12-15 08:49:47 [INFO] [Poseidon] Starting Project Poseidon Modules!
2025-12-15 08:49:47 [INFO] [Poseidon] Reading uuidcache.json for Project Poseidon

2025-12-15 08:49:47 [WARNING] [Poseidon] Version checker is disabled as this is a Unknown build. The updater will only check for updates on production builds.
2025-12-15 08:49:47 [INFO] [Poseidon] Starting Watchdog to detect any server hangs!
2025-12-15 08:49:47 [INFO] [Poseidon] Finished loading Project Poseidon Modules!
2025-12-15 08:49:47 [INFO] Done (0.014s)! For help, type "help" or "?"
2025-12-15 08:49:53 [INFO] CONSOLE: Pardoning ericwaffles[0m

2025-12-15 08:53:24 [INFO] [Poseidon] Reading cracked-allowlist.json for Project Poseidon

2025-12-15 08:53:24 [INFO] [AUTH] Using modern Mojang authentication for EricWaffles
2025-12-15 08:53:25 [INFO] Disconnecting EricWaffles [/127.0.0.1:59512]: Failed to verify username!
2025-12-15 08:53:25 [INFO] EricWaffles [/127.0.0.1:59512] lost connection
2025-12-15 08:53:32 [INFO] Stopping server
2025-12-15 08:53:32 [INFO] [Poseidon] Stopping Project Poseidon Modules!
2025-12-15 08:53:35 [INFO] Starting minecraft server version Beta 1.7.3
2025-12-15 08:53:35 [INFO] Loading properties
2025-12-15 08:53:35 [INFO] Voice chat broadcasting enabled
2025-12-15 08:53:35 [INFO] Default game mode: HARDCORE - Death is permanent!
2025-12-15 08:53:35 [INFO] Starting Minecraft server on *:25565
2025-12-15 08:53:35 [WARNING] **** SERVER IS RUNNING IN OFFLINE/INSECURE MODE!
2025-12-15 08:53:35 [WARNING] The server will make no attempt to authenticate usernames. Beware.
2025-12-15 08:53:35 [WARNING] While this makes the game possible to play without internet access, it also opens up the ability for hackers to connect with any username they choose.
2025-12-15 08:53:35 [WARNING] To change this, set "online-mode" to "true" in the server.settings file.
2025-12-15 08:53:35 [INFO] This server is running Project Poseidon UberBukkit version 2.0.2 (MC: 1.7.3) - A fork of CB1060-1092
2025-12-15 08:53:35 [INFO] Preparing level "world"
2025-12-15 08:53:35 [INFO] [MINECRAFT_SERVER_DEBUG] Preparing Overworld. configuredLevelType: DEFAULT, level-name: world, seed: 8433449216760734267

2025-12-15 08:53:35 [INFO] [MinecraftServer] Loaded existing WorldData for 'world'. Original TerrainType ID: 0, Seed: -1652856940655302869
2025-12-15 08:53:35 [INFO] [MinecraftServer] Using TerrainType ID: 0 for world 'world'
2025-12-15 08:53:35 [INFO] [WorldProviderNormal] Initializing WorldChunkManager for world: world (TerrainType ID: 0)
2025-12-15 08:53:35 [INFO] [MinecraftServer] Preparing Nether world 'world_nether' with seed from overworld: 8433449216760734267
2025-12-15 08:53:35 [INFO] [WorldProviderHell] Selecting default Nether generator
2025-12-15 08:53:35 [INFO] [WorldServer] Nether provider: Default for world 'world_nether'
2025-12-15 08:53:35 [INFO] Preparing start region for level 0 (Seed: -1652856940655302869)
2025-12-15 08:53:35 [INFO] [SpawnGroupRegistryBootstrap] Registered 4 spawn groups

2025-12-15 08:53:35 [INFO] [JukeboxSongRegistryBootstrap] Registered 2 jukebox songs

2025-12-15 08:53:35 [INFO] [RecipeTypeRegistryBootstrap] Registered 3 recipe types

2025-12-15 08:53:35 [INFO] [LootTables] Registered 3 loot tables

2025-12-15 08:53:35 [INFO] [StructureTypes] Registered 2 structure types

2025-12-15 08:53:35 [INFO] [AchievementRegistryBootstrap] Registered 40 achievements

2025-12-15 08:53:35 [INFO] [WorldFeatureRegistryBootstrap] Registered 26 world features

2025-12-15 08:53:35 [INFO] Preparing start region for level 1 (Seed: -1652856940655302869)
2025-12-15 08:53:35 [INFO] [Threading] Loaded configuration:
2025-12-15 08:53:35 [INFO] [Threading]   Async Chunk Generation: true (2 threads)
2025-12-15 08:53:35 [INFO] [Threading]   Async Lighting: false (2 threads)
2025-12-15 08:53:35 [INFO] [Threading]   Async Entity Processing: false (2 threads)
2025-12-15 08:53:35 [INFO] [Threading] Initializing async systems...
2025-12-15 08:53:35 [INFO] [AsyncChunk] Started 2 chunk generation threads for world 'world' using ThreadSafeDefault
2025-12-15 08:53:35 [INFO] [Threading] Enabled async chunk generation for world 'world'
2025-12-15 08:53:35 [INFO] [AsyncChunk] Started 2 chunk generation threads for world 'world_nether' using ThreadSafeDefault
2025-12-15 08:53:35 [INFO] [Threading] Enabled async chunk generation for world 'world_nether'
2025-12-15 08:53:35 [INFO] [Threading] Async systems initialized successfully
2025-12-15 08:53:35 [INFO] Server permissions file permissions.yml is empty, ignoring it
2025-12-15 08:53:35 [INFO] [Poseidon] Starting Project Poseidon Modules!
2025-12-15 08:53:35 [INFO] [Poseidon] Reading uuidcache.json for Project Poseidon

2025-12-15 08:53:35 [WARNING] [Poseidon] Version checker is disabled as this is a Unknown build. The updater will only check for updates on production builds.
2025-12-15 08:53:35 [INFO] [Poseidon] Starting Watchdog to detect any server hangs!
2025-12-15 08:53:35 [INFO] [Poseidon] Finished loading Project Poseidon Modules!
2025-12-15 08:53:35 [INFO] Done (0.016s)! For help, type "help" or "?"
2025-12-15 08:53:44 [INFO] [Hardcore] New player EricWaffles will be in hardcore mode
2025-12-15 08:53:44 [INFO] EricWaffles [/127.0.0.1:56220] logged in with entity id 91 at ([world] 4.5, 63.62000000476837, 4.5)
2025-12-15 08:54:01 [INFO] EricWaffles issued server command: /gamemode c
2025-12-15 08:54:29 [INFO] Disconnecting EricWaffles [/127.0.0.1:42406]: You are banned from this server!
2025-12-15 08:54:38 [INFO] CONSOLE: Starting Server Shutdown, Saving Data.[0m

2025-12-15 08:54:43 [INFO] CONSOLE: Stopping the server..[0m

2025-12-15 08:54:43 [INFO] Stopping server
2025-12-15 08:54:43 [INFO] [Poseidon] Stopping Project Poseidon Modules!
2025-12-15 08:54:43 [INFO] [Poseidon] Saving UUID Cache

2025-12-15 08:54:43 [INFO] [Poseidon] Stopping Watchdog!
2025-12-15 08:54:43 [INFO] [Poseidon] Finished unloading Project Poseidon Modules!
2025-12-15 08:54:43 [INFO] [Threading] Shutting down async systems...
2025-12-15 08:54:43 [INFO] [Poseidon-Watchdog] The watchdog has been interrupted.

2025-12-15 08:54:43 [INFO] [AsyncChunk] Shutdown chunk generator for world 'world_nether'. Generated 0 chunks total.
2025-12-15 08:54:43 [INFO] [AsyncChunk] Shutdown chunk generator for world 'world'. Generated 0 chunks total.
2025-12-15 08:54:43 [INFO] [Threading] Async systems shutdown complete
2025-12-15 08:54:43 [INFO] Saving chunks
2025-12-15 08:56:15 [INFO] Stopping server
2025-12-15 08:56:15 [SEVERE] Exception in thread "Thread-1" 
2025-12-15 08:56:15 [SEVERE] java.lang.UnsupportedOperationException: Server not initialized

2025-12-15 08:56:15 [SEVERE] 	at com.legacyminecraft.poseidon.PoseidonServer.shutdownServer(PoseidonServer.java:106)

2025-12-15 08:56:15 [SEVERE] 	at net.minecraft.server.MinecraftServer.stop(MinecraftServer.java:523)

2025-12-15 08:56:15 [SEVERE] 	at org.bukkit.craftbukkit.util.ServerShutdownThread.run(ServerShutdownThread.java:14)

2026-01-23 13:16:55 [INFO] Starting minecraft server version Beta 1.7.3
2026-01-23 13:16:55 [INFO] Loading properties
2026-01-23 13:16:55 [INFO] Voice chat broadcasting enabled
2026-01-23 13:16:55 [INFO] Default game mode: HARDCORE - Death is permanent!
2026-01-23 13:16:55 [INFO] Starting Minecraft server on *:25565
2026-01-23 13:16:55 [WARNING] **** SERVER IS RUNNING IN OFFLINE/INSECURE MODE!
2026-01-23 13:16:55 [WARNING] The server will make no attempt to authenticate usernames. Beware.
2026-01-23 13:16:55 [WARNING] While this makes the game possible to play without internet access, it also opens up the ability for hackers to connect with any username they choose.
2026-01-23 13:16:55 [WARNING] To change this, set "online-mode" to "true" in the server.settings file.
2026-01-23 13:16:55 [INFO] This server is running Project Poseidon UberBukkit version 2.0.2 (MC: 1.7.3) - A fork of CB1060-1092
2026-01-23 13:16:55 [INFO] Preparing level "world"
2026-01-23 13:16:55 [INFO] [MINECRAFT_SERVER_DEBUG] Preparing Overworld. configuredLevelType: DEFAULT, level-name: world, seed: 2367855173972124712

2026-01-23 13:16:55 [INFO] [MinecraftServer] Loaded existing WorldData for 'world'. Original TerrainType ID: 0, Seed: -1652856940655302869
2026-01-23 13:16:55 [INFO] [MinecraftServer] Using TerrainType ID: 0 for world 'world'
2026-01-23 13:16:56 [INFO] [WorldProviderNormal] Initializing WorldChunkManager for world: world (TerrainType ID: 0)
2026-01-23 13:16:56 [INFO] [MinecraftServer] Preparing Nether world 'world_nether' with seed from overworld: 2367855173972124712
2026-01-23 13:16:56 [INFO] [WorldProviderHell] Selecting default Nether generator
2026-01-23 13:16:56 [INFO] [WorldServer] Nether provider: Default for world 'world_nether'
2026-01-23 13:16:56 [INFO] Preparing start region for level 0 (Seed: -1652856940655302869)
2026-01-23 13:16:56 [INFO] [SpawnGroupRegistryBootstrap] Registered 4 spawn groups

2026-01-23 13:16:56 [INFO] [JukeboxSongRegistryBootstrap] Registered 2 jukebox songs

2026-01-23 13:16:56 [INFO] [RecipeTypeRegistryBootstrap] Registered 3 recipe types

2026-01-23 13:16:56 [INFO] [LootTables] Registered 3 loot tables

2026-01-23 13:16:56 [INFO] [StructureTypes] Registered 2 structure types

2026-01-23 13:16:56 [INFO] [AchievementRegistryBootstrap] Registered 40 achievements

2026-01-23 13:16:56 [INFO] [WorldFeatureRegistryBootstrap] Registered 26 world features

2026-01-23 13:16:56 [INFO] Preparing start region for level 1 (Seed: -1652856940655302869)
2026-01-23 13:16:56 [INFO] [Threading] Loaded configuration:
2026-01-23 13:16:56 [INFO] [Threading]   Async Chunk Generation: true (2 threads)
2026-01-23 13:16:56 [INFO] [Threading]   Async Lighting: false (2 threads)
2026-01-23 13:16:56 [INFO] [Threading]   Async Entity Processing: false (2 threads)
2026-01-23 13:16:56 [INFO] [Threading] Initializing async systems...
2026-01-23 13:16:56 [INFO] [AsyncChunk] Started 2 chunk generation threads for world 'world' using ThreadSafeDefault
2026-01-23 13:16:56 [INFO] [Threading] Enabled async chunk generation for world 'world'
2026-01-23 13:16:56 [INFO] [AsyncChunk] Started 2 chunk generation threads for world 'world_nether' using ThreadSafeDefault
2026-01-23 13:16:56 [INFO] [Threading] Enabled async chunk generation for world 'world_nether'
2026-01-23 13:16:56 [INFO] [Threading] Async systems initialized successfully
2026-01-23 13:16:56 [INFO] Server permissions file permissions.yml is empty, ignoring it
2026-01-23 13:16:56 [INFO] [Poseidon] Starting Project Poseidon Modules!
2026-01-23 13:16:56 [INFO] [Poseidon] Reading uuidcache.json for Project Poseidon

2026-01-23 13:16:56 [WARNING] [Poseidon] Version checker is disabled as this is a Unknown build. The updater will only check for updates on production builds.
2026-01-23 13:16:56 [INFO] [Poseidon] Starting Watchdog to detect any server hangs!
2026-01-23 13:16:56 [INFO] [Poseidon] Finished loading Project Poseidon Modules!
2026-01-23 13:16:56 [INFO] [ServerStats] No existing server statistics file, starting fresh.
2026-01-23 13:16:56 [INFO] [ServerStats] Server-wide statistics tracking initialized
2026-01-23 13:16:56 [INFO] Done (0.023s)! For help, type "help" or "?"
2026-01-23 13:17:08 [INFO] CONSOLE: Starting Server Shutdown, Saving Data.[0m

2026-01-23 13:17:10 [INFO] CONSOLE: Starting Server Shutdown, Saving Data.[0m

2026-01-23 13:17:11 [INFO] Stopping server
2026-01-26 17:34:48 [INFO] Starting minecraft server version Beta 1.7.3
2026-01-26 17:34:48 [INFO] Loading properties
2026-01-26 17:34:48 [INFO] Voice chat broadcasting enabled
2026-01-26 17:34:48 [INFO] Default game mode: HARDCORE - Death is permanent!
2026-01-26 17:34:48 [INFO] Starting Minecraft server on *:25565
2026-01-26 17:34:48 [WARNING] **** SERVER IS RUNNING IN OFFLINE/INSECURE MODE!
2026-01-26 17:34:48 [WARNING] The server will make no attempt to authenticate usernames. Beware.
2026-01-26 17:34:48 [WARNING] While this makes the game possible to play without internet access, it also opens up the ability for hackers to connect with any username they choose.
2026-01-26 17:34:48 [WARNING] To change this, set "online-mode" to "true" in the server.settings file.
2026-01-26 17:34:48 [INFO] This server is running Project Poseidon UberBukkit version 2.0.2 (MC: 1.7.3) - A fork of CB1060-1092
2026-01-26 17:34:48 [INFO] Preparing level "world"
2026-01-26 17:34:48 [INFO] [MINECRAFT_SERVER_DEBUG] Preparing Overworld. configuredLevelType: DEFAULT, level-name: world, seed: -5570205216642091282

2026-01-26 17:34:48 [INFO] [MinecraftServer] Loaded existing WorldData for 'world'. Original TerrainType ID: 0, Seed: -1652856940655302869
2026-01-26 17:34:48 [INFO] [MinecraftServer] Using TerrainType ID: 0 for world 'world'
2026-01-26 17:34:48 [INFO] [WorldProviderNormal] Initializing WorldChunkManager for world: world (TerrainType ID: 0)
2026-01-26 17:34:48 [INFO] [MinecraftServer] Preparing Nether world 'world_nether' with seed from overworld: -5570205216642091282
2026-01-26 17:34:48 [INFO] [WorldProviderHell] Selecting default Nether generator
2026-01-26 17:34:48 [INFO] [WorldServer] Nether provider: Default for world 'world_nether'
2026-01-26 17:34:48 [INFO] Preparing start region for level 0 (Seed: -1652856940655302869)
2026-01-26 17:34:48 [INFO] [SpawnGroupRegistryBootstrap] Registered 4 spawn groups

2026-01-26 17:34:48 [INFO] [JukeboxSongRegistryBootstrap] Registered 2 jukebox songs

2026-01-26 17:34:48 [INFO] [RecipeTypeRegistryBootstrap] Registered 3 recipe types

2026-01-26 17:34:48 [INFO] [LootTables] Registered 3 loot tables

2026-01-26 17:34:48 [INFO] [StructureTypes] Registered 2 structure types

2026-01-26 17:34:48 [INFO] [AchievementRegistryBootstrap] Registered 40 achievements

2026-01-26 17:34:48 [INFO] [WorldFeatureRegistryBootstrap] Registered 26 world features

2026-01-26 17:34:48 [INFO] Preparing start region for level 1 (Seed: -1652856940655302869)
2026-01-26 17:34:48 [INFO] [Threading] Loaded configuration:
2026-01-26 17:34:48 [INFO] [Threading]   Async Chunk Generation: true (2 threads)
2026-01-26 17:34:48 [INFO] [Threading]   Async Lighting: false (2 threads)
2026-01-26 17:34:48 [INFO] [Threading]   Async Entity Processing: false (2 threads)
2026-01-26 17:34:48 [INFO] [Threading] Initializing async systems...
2026-01-26 17:34:48 [INFO] [AsyncChunk] Started 2 chunk generation threads for world 'world' using ThreadSafeDefault
2026-01-26 17:34:48 [INFO] [Threading] Enabled async chunk generation for world 'world'
2026-01-26 17:34:48 [INFO] [AsyncChunk] Started 2 chunk generation threads for world 'world_nether' using ThreadSafeDefault
2026-01-26 17:34:48 [INFO] [Threading] Enabled async chunk generation for world 'world_nether'
2026-01-26 17:34:48 [INFO] [Threading] Async systems initialized successfully
2026-01-26 17:34:48 [INFO] Server permissions file permissions.yml is empty, ignoring it
2026-01-26 17:34:48 [INFO] [Poseidon] Starting Project Poseidon Modules!
2026-01-26 17:34:48 [INFO] [Poseidon] Reading uuidcache.json for Project Poseidon

2026-01-26 17:34:48 [WARNING] [Poseidon] Version checker is disabled as this is a Unknown build. The updater will only check for updates on production builds.
2026-01-26 17:34:48 [INFO] [Poseidon] Starting Watchdog to detect any server hangs!
2026-01-26 17:34:48 [INFO] [Poseidon] Finished loading Project Poseidon Modules!
2026-01-26 17:34:48 [INFO] [ServerStats] Loaded server statistics: 0 stats, 0 unique players, 0 achievement types tracked.
2026-01-26 17:34:48 [INFO] [ServerStats] Server-wide statistics tracking initialized
2026-01-26 17:34:48 [INFO] Done (0.023s)! For help, type "help" or "?"
2026-01-26 17:34:53 [INFO] CONSOLE: Starting Server Shutdown, Saving Data.[0m

2026-03-22 20:08:57 [INFO] Starting Minecraft Oldschool Edition server version Beta 1.7.6
2026-03-22 20:08:57 [INFO] Loading properties
2026-03-22 20:08:57 [INFO] Voice chat broadcasting enabled (UDP port: 24454)
2026-03-22 20:08:57 [INFO] Voice TCP fallback limiter configured (packets/sec=120, bytes/sec=131072, burst-seconds=2)
2026-03-22 20:08:57 [INFO] Default game mode: HARDCORE - Death is permanent!
2026-03-22 20:08:57 [INFO] Starting Minecraft server on *:25565
2026-03-22 20:08:57 [WARNING] **** FAILED TO BIND TO PORT!
2026-03-22 20:08:57 [WARNING] The exception was: java.net.SocketException: Operation not permitted
2026-03-22 20:08:57 [WARNING] Perhaps a server is already running on that port?
2026-03-22 20:08:57 [SEVERE] [StartupFailure] reason=Network bind failed | cwd=/mnt/kingston/Developer/uberbukkit-mcose/. | java=21.0.10 (Artix Linux) | os=Linux amd64 | guiMode=false | tick=0 | server-ip= | server-port=25565 | online-mode=false | level-name=world | level-type=DEFAULT | allow-nether=true | voice-chat=true | voice-port=24454 | voice-require-udp-bind=false
2026-03-22 20:08:57 [SEVERE] [StartupFailure] reason=Initialization returned false | cwd=/mnt/kingston/Developer/uberbukkit-mcose/. | java=21.0.10 (Artix Linux) | os=Linux amd64 | guiMode=false | tick=0 | server-ip= | server-port=25565 | online-mode=false | level-name=world | level-type=DEFAULT | allow-nether=true | voice-chat=true | voice-port=24454 | voice-require-udp-bind=false
2026-03-22 20:08:57 [INFO] Stopping server
2026-03-22 20:08:57 [INFO] [ServerStats] Loaded server statistics: 0 stats, 0 unique players, 0 achievement types tracked.
2026-03-22 20:08:57 [INFO] [ServerStats] Server statistics saved on shutdown.
2026-03-22 20:08:57 [WARNING] [MCOSE] Poseidon shutdown error (non-fatal): Cannot invoke "com.legacyminecraft.poseidon.PoseidonServer.shutdownServer()" because the return value of "com.legacyminecraft.poseidon.Poseidon.getServer()" is null
2026-03-22 20:08:57 [INFO] [Threading] Loaded configuration:
2026-03-22 20:08:57 [INFO] [Threading]   Async Chunk Generation: true (2 threads)
2026-03-22 20:08:57 [INFO] [Threading]   Async Lighting: false (2 threads)
2026-03-22 20:08:57 [INFO] [Threading]   Async Entity Processing: false (2 threads)
2026-03-22 20:08:57 [INFO] [Threading]   Chunk Compression: 2 worker(s), queue capacity 10240, high-watermark 85%, low-watermark 50%
2026-03-22 20:08:57 [INFO] [Threading] Shutting down async systems...
2026-03-22 20:08:57 [INFO] [Threading] Async systems shutdown complete
2026-03-22 20:08:57 [INFO] Region file cache flushed successfully
